// Vitest Snapshot v1, https://vitest.dev/guide/snapshot.html

exports[`<Banner /> > should match snapshot 1`] = `
<div
  class="sc-dcJsrY gzPucS"
>
  <img
    alt="restaurante"
    class="loading"
    height="100"
    loading="lazy"
    src="img/img1.png"
    width="100"
  />
  <div
    class="sc-iGgWBj gmTjTR"
  >
    <span>
      italiana
    </span>
    <h2>
      restaurante
    </h2>
  </div>
</div>
`;

exports[`<Banner /> should match snapshot 1`] = `
<div
  class="sc-dcJsrY gzPucS"
>
  <img
    alt="restaurante"
    class="loading"
    height="100"
    loading="lazy"
    src="img/img1.png"
    width="100"
  />
  <div
    class="sc-iGgWBj gmTjTR"
  >
    <span>
      italiana
    </span>
    <h2>
      restaurante
    </h2>
  </div>
</div>
`;
