// Jest Snapshot v1, https://goo.gl/fbAQLP

exports[`<Sidebar /> should match snapshot 1`] = `
<div
  class="sc-kpDqfm DGtKj"
>
  <div
    class="sc-gEvEer cSvWod"
    role="overlay-container"
  />
  <aside
    class="sc-dAlyuH cGdzvi"
  >
    <button
      class="sc-eqUAAy sc-jlZhew KzdVX dUHYKG"
      title="Fechar carrinho"
    >
      <img
        alt="Icone de fechar"
        src="test-file-stub"
      />
    </button>
    <div>
      <p
        class="empty-text"
        style="color: rgba(255, 255, 255, 1);"
      >
        O carrinho est√° vazio, dicione ao menos um item para continuar com a compra.
      </p>
    </div>
  </aside>
</div>
`;
